# serializer version: 1
# name: test_diagnostics_bundle_snapshot
  dict({
    'coordinator': dict({
      'last_update_success': True,
      'selected_room_id': 1,
      'vacuum_state': 'docked',
    }),
    'device': dict({
      'model': 'RCV 5',
      'product_id': '1540149850806333440',
      'support_tier': 'maintainer_verified',
    }),
    'device_properties': dict({
      'battery': 80,
      'charge_state': 0,
      'charge_station_type': None,
      'cleaning_area': None,
      'cleaning_time': None,
      'current_map_id': None,
      'dust_action': None,
      'fault': 0,
      'mode': None,
      'status': 0,
      'water': None,
      'wind': None,
      'work_mode': 0,
    }),
    'entry_data': dict({
      'device_id': '**REDACTED**',
      'email': '**REDACTED**',
      'password': '**REDACTED**',
      'region': 'eu',
      'sn': '**REDACTED**',
    }),
    'karcher_home_version': '0.0.0-test',
    'novel_values': dict({
      'work_mode': list([
        99,
      ]),
    }),
    'rooms': list([
      dict({
        'name': 'Living Room',
        'room_id': 1,
      }),
      dict({
        'name': 'Bedroom',
        'room_id': 2,
      }),
    ]),
  })
# ---
